[masterconteudo2.shop/receberacesso/index.html]
[backblue.gif]
[fade.gif]
[index.html]
[masterconteudo2.shop/receberacesso/css/combined.premium.css]
[masterconteudo2.shop/receberacesso/css/style.css]
[masterconteudo2.shop/receberacesso/css/sidebar.css]
[masterconteudo2.shop/receberacesso/css/elementor-icons.min.css]
[masterconteudo2.shop/receberacesso/css/frontend.min.css]
[masterconteudo2.shop/receberacesso/css/post-95.css]
[masterconteudo2.shop/receberacesso/css/frontend.min_1.css]
[masterconteudo2.shop/receberacesso/css/post-260.css]
[masterconteudo2.shop/receberacesso/css/roboto.css]
[masterconteudo2.shop/receberacesso/css/robotoslab.css]
[masterconteudo2.shop/receberacesso/js/jquery.min.js]
[masterconteudo2.shop/receberacesso/js/jquery-migrate.min.js]
[masterconteudo2.shop/receberacesso/js/combined.js]
[masterconteudo2.shop/receberacesso/images/Captura de tela 2025-04-13 155608.png]
[otimizey-cdn.s3.us-east-1.amazonaws.com/scripts-utm-otimizey.js]
[cdn.utmify.com.br/scripts/utms/latest.js]
[masterconteudo2.shop/receberacesso/js/navigation.js]
[masterconteudo2.shop/receberacesso/js/webpack.runtime.min.js]
[masterconteudo2.shop/receberacesso/js/frontend-modules.min.js]
[masterconteudo2.shop/receberacesso/js/core.min.js]
[masterconteudo2.shop/receberacesso/js/frontend.min.js]
[masterconteudo2.shop/receberacesso/js/webpack-pro.runtime.min.js]
[masterconteudo2.shop/receberacesso/js/hooks.min.js]
[masterconteudo2.shop/receberacesso/js/i18n.min.js]
[masterconteudo2.shop/receberacesso/js/frontend.min_1.js]
[masterconteudo2.shop/receberacesso/index.html]
[masterconteudo2.shop/receberacesso/js/preloaded-elements-handlers.min.js]
[masterconteudo2.shop/receberacesso/images/loading.gif]
[masterconteudo2.shop/receberacesso/images/prev.png]
[masterconteudo2.shop/receberacesso/images/next.png]
[masterconteudo2.shop/receberacesso/images/close.png]
[masterconteudo2.shop/receberacesso/images/loading%402x.gif]
[masterconteudo2.shop/receberacesso/images/prev%402x.png]
[masterconteudo2.shop/receberacesso/images/next%402x.png]
[masterconteudo2.shop/receberacesso/images/close%402x.png]
[masterconteudo2.shop/receberacesso/owl.video.play.html]
[masterconteudo2.shop/receberacesso/fonts/fa-brands-400.eot]
[masterconteudo2.shop/receberacesso/fonts/fa-brands-400.woff2]
[masterconteudo2.shop/receberacesso/fonts/fa-brands-400.woff]
[masterconteudo2.shop/receberacesso/fonts/fa-brands-400.ttf]
[masterconteudo2.shop/receberacesso/fonts/fa-regular-400.eot]
[masterconteudo2.shop/receberacesso/images/fa-brands-400.svg]
[masterconteudo2.shop/receberacesso/fonts/fa-regular-400.woff2]
[masterconteudo2.shop/receberacesso/fonts/fa-regular-400.woff]
[masterconteudo2.shop/receberacesso/fonts/fa-regular-400.ttf]
[masterconteudo2.shop/receberacesso/images/fa-regular-400.svg]
[masterconteudo2.shop/receberacesso/fonts/fa-solid-900.eot]
[masterconteudo2.shop/receberacesso/fonts/fa-solid-900.woff2]
[masterconteudo2.shop/receberacesso/fonts/fa-solid-900.woff]
[masterconteudo2.shop/receberacesso/fonts/fa-solid-900.ttf]
[masterconteudo2.shop/receberacesso/css/combined.premium.css]
[masterconteudo2.shop/receberacesso/css/style.css]
[masterconteudo2.shop/receberacesso/css/sidebar.css]
[masterconteudo2.shop/receberacesso/images/fa-solid-900.svg]
[masterconteudo2.shop/receberacesso/fonts/eicons.eot]
[masterconteudo2.shop/receberacesso/fonts/eicons.woff2]
[masterconteudo2.shop/receberacesso/fonts/eicons.woff]
[masterconteudo2.shop/receberacesso/fonts/eicons.ttf]
[masterconteudo2.shop/receberacesso/css/elementor-icons.min.css]
[masterconteudo2.shop/receberacesso/css/frontend.min.css]
[masterconteudo2.shop/receberacesso/css/post-95.css]
[masterconteudo2.shop/receberacesso/css/frontend.min_1.css]
[masterconteudo2.shop/receberacesso/css/post-260.css]
[masterconteudo2.shop/receberacesso/images/eicons.svg]
[masterconteudo2.shop/receberacesso/fonts/roboto-kfo5cnqeu92fr1mu53zec9_vu3r1gihoszmkc3kawzu.woff2]
[masterconteudo2.shop/receberacesso/fonts/roboto-kfo5cnqeu92fr1mu53zec9_vu3r1gihoszmkankawzu.woff2]
[masterconteudo2.shop/receberacesso/fonts/roboto-kfo5cnqeu92fr1mu53zec9_vu3r1gihoszmkcnkawzu.woff2]
[masterconteudo2.shop/receberacesso/fonts/roboto-kfo5cnqeu92fr1mu53zec9_vu3r1gihoszmkbxkawzu.woff2]
[masterconteudo2.shop/receberacesso/fonts/roboto-kfo5cnqeu92fr1mu53zec9_vu3r1gihoszmkenkawzu.woff2]
[masterconteudo2.shop/receberacesso/fonts/roboto-kfo5cnqeu92fr1mu53zec9_vu3r1gihoszmkahkawzu.woff2]
[masterconteudo2.shop/receberacesso/fonts/roboto-kfo5cnqeu92fr1mu53zec9_vu3r1gihoszmkcxkawzu.woff2]
[masterconteudo2.shop/receberacesso/fonts/roboto-kfo5cnqeu92fr1mu53zec9_vu3r1gihoszmkchkawzu.woff2]
[masterconteudo2.shop/receberacesso/fonts/roboto-kfo5cnqeu92fr1mu53zec9_vu3r1gihoszmkbnka.woff2]
[masterconteudo2.shop/receberacesso/fonts/roboto-kfo7cnqeu92fr1me7ksn66agldtyluama3gubgee.woff2]
[masterconteudo2.shop/receberacesso/fonts/roboto-kfo7cnqeu92fr1me7ksn66agldtyluama3iubgee.woff2]
[masterconteudo2.shop/receberacesso/fonts/roboto-kfo7cnqeu92fr1me7ksn66agldtyluama3cubgee.woff2]
[masterconteudo2.shop/receberacesso/fonts/roboto-kfo7cnqeu92fr1me7ksn66agldtyluama3-ubgee.woff2]
[masterconteudo2.shop/receberacesso/fonts/roboto-kfo7cnqeu92fr1me7ksn66agldtyluamawcubgee.woff2]
[masterconteudo2.shop/receberacesso/fonts/roboto-kfo7cnqeu92fr1me7ksn66agldtyluamaxkubgee.woff2]
[masterconteudo2.shop/receberacesso/fonts/roboto-kfo7cnqeu92fr1me7ksn66agldtyluama3oubgee.woff2]
[masterconteudo2.shop/receberacesso/fonts/roboto-kfo7cnqeu92fr1me7ksn66agldtyluama3kubgee.woff2]
[masterconteudo2.shop/receberacesso/fonts/roboto-kfo7cnqeu92fr1me7ksn66agldtyluama3yuba.woff2]
[masterconteudo2.shop/receberacesso/css/roboto.css]
[masterconteudo2.shop/receberacesso/fonts/robotoslab-bngmuxzytxpivibgjjsb6ufa5qw54a.woff2]
[masterconteudo2.shop/receberacesso/fonts/robotoslab-bngmuxzytxpivibgjjsb6ufj5qw54a.woff2]
[masterconteudo2.shop/receberacesso/fonts/robotoslab-bngmuxzytxpivibgjjsb6ufb5qw54a.woff2]
[masterconteudo2.shop/receberacesso/fonts/robotoslab-bngmuxzytxpivibgjjsb6ufo5qw54a.woff2]
[masterconteudo2.shop/receberacesso/fonts/robotoslab-bngmuxzytxpivibgjjsb6ufc5qw54a.woff2]
[masterconteudo2.shop/receberacesso/fonts/robotoslab-bngmuxzytxpivibgjjsb6ufd5qw54a.woff2]
[masterconteudo2.shop/receberacesso/fonts/robotoslab-bngmuxzytxpivibgjjsb6ufn5qu.woff2]
[masterconteudo2.shop/receberacesso/css/robotoslab.css]
[masterconteudo2.shop/receberacesso/js/jquery.min.js]
[masterconteudo2.shop/receberacesso/js/jquery-migrate.min.js]
[masterconteudo2.shop/receberacesso/video/index.html]
[masterconteudo2.shop/receberacesso/js/combined.js]
[masterconteudo2.shop/receberacesso/js/navigation.js]
[masterconteudo2.shop/receberacesso/js/webpack.runtime.min.js]
[masterconteudo2.shop/receberacesso/js/frontend-modules.min.js]
[masterconteudo2.shop/receberacesso/js/core.min.js]
[masterconteudo2.shop/receberacesso/js/frontend.min.js]
[masterconteudo2.shop/receberacesso/js/webpack-pro.runtime.min.js]
[masterconteudo2.shop/receberacesso/js/hooks.min.js]
[masterconteudo2.shop/receberacesso/js/i18n.min.js]
[masterconteudo2.shop/receberacesso/js/frontend.min_1.js]
[connect.facebook.net/en_US/sdk.js]
[masterconteudo2.shop/receberacesso/document.location]
[masterconteudo2.shop/receberacesso/js/preloaded-elements-handlers.min.js]
[masterconteudo2.shop/receberacesso/owl.video.play.html]
[masterconteudo2.shop/receberacesso/images/fa-brands-400.svg]
[masterconteudo2.shop/receberacesso/images/fa-regular-400.svg]
[masterconteudo2.shop/receberacesso/images/fa-solid-900.svg]
[masterconteudo2.shop/receberacesso/images/eicons.svg]
[masterconteudo2.shop/receberacesso/video/index.html]
[connect.facebook.net/en_US/sdk.js]
[masterconteudo2.shop/receberacesso/OPR/index.html]
[masterconteudo2.shop/receberacesso/OPR/index.html]
[masterconteudo2.shop/receberacesso/document.html]
[meuprivado2025.top/2025/wp-includes/js/wp-emoji-release.min6c2d.js]
